// Jest Snapshot v1, https://goo.gl/fbAQLP

exports[`VCombobox.ts should generate aria attrs 1`] = `

<div class="v-input v-input--is-disabled theme--light v-text-field v-select v-autocomplete">
  <div class="v-input__control">
    <div class="v-input__slot">
      <div class="v-select__slot">
        <label aria-hidden="true"
               class="v-label v-label--is-disabled theme--light"
               style="right: 0px; position: absolute;"
        >
          foo
        </label>
        <input aria-label="foo"
               autocomplete="off"
               disabled="disabled"
               type="text"
               role="combobox"
        >
        <div class="v-input__append-inner">
          <div class="v-input__icon v-input__icon--append">
            <i aria-hidden="true"
               class="v-icon v-icon--disabled material-icons theme--light"
            >
              $vuetify.icons.dropdown
            </i>
          </div>
        </div>
      </div>
      <div class="v-menu">
      </div>
    </div>
    <div class="v-text-field__details">
      <div class="v-messages theme--light">
        <span name="message-transition"
              tag="div"
              class="v-messages__wrapper"
        >
        </span>
      </div>
    </div>
  </div>
</div>

`;
