// Jest Snapshot v1, https://goo.gl/fbAQLP

exports[`VFlex.ts should render 1`] = `

<div class="flex">
</div>

`;
